actions/bookings.ts(30,38): error TS2339: Property 'errors' does not exist on type 'ZodError<{ itemId: string; startDate: Date; endDate: Date; message?: string | undefined; }>'.
actions/bookings.ts(111,38): error TS2339: Property 'errors' does not exist on type 'ZodError<{ bookingId: string; status: "APPROVED" | "REJECTED" | "RETURNED" | "CANCELLED"; }>'.
actions/bookings.ts(172,3): error TS2322: Type 'ActionResult<{ id: string; status: string; }>' is not assignable to type 'ActionResult<null>'.
  Type '{ success: true; data: { id: string; status: string; }; }' is not assignable to type 'ActionResult<null>'.
    Type '{ success: true; data: { id: string; status: string; }; }' is not assignable to type '{ success: true; data: null; }'.
      Types of property 'data' are incompatible.
        Type '{ id: string; status: string; }' is not assignable to type 'null'.
actions/items.ts(27,38): error TS2339: Property 'errors' does not exist on type 'ZodError<{ name: string; category: "POWER_TOOLS" | "HAND_TOOLS" | "GARDEN" | "KITCHEN" | "CLEANING" | "SPORTS" | "ELECTRONICS" | "OTHER"; condition: "NEW" | "EXCELLENT" | "GOOD" | "FAIR" | "WORN"; description?: string | undefined; imageUrl?: string | undefined; }>'.
actions/items.ts(77,38): error TS2339: Property 'errors' does not exist on type 'ZodError<{ name?: string | undefined; description?: string | undefined; category?: "POWER_TOOLS" | "HAND_TOOLS" | "GARDEN" | "KITCHEN" | "CLEANING" | "SPORTS" | "ELECTRONICS" | "OTHER" | undefined; condition?: "NEW" | ... 4 more ... | undefined; imageUrl?: string | undefined; }>'.
app/api/webhooks/clerk/route.ts(52,7): error TS2322: Type 'string | null' is not assignable to type 'string | undefined'.
  Type 'null' is not assignable to type 'string | undefined'.
components/items/item-card.tsx(9,15): error TS2305: Module '"@prisma/client"' has no exported member 'Category'.
components/items/item-card.tsx(9,25): error TS2305: Module '"@prisma/client"' has no exported member 'Condition'.
lib/db.ts(1,10): error TS2305: Module '"@prisma/client"' has no exported member 'PrismaClient'.
types/index.ts(1,15): error TS2305: Module '"@prisma/client"' has no exported member 'Item'.
types/index.ts(1,21): error TS2305: Module '"@prisma/client"' has no exported member 'User'.
types/index.ts(1,27): error TS2305: Module '"@prisma/client"' has no exported member 'Booking'.
types/index.ts(1,36): error TS2305: Module '"@prisma/client"' has no exported member 'Category'.
types/index.ts(1,46): error TS2305: Module '"@prisma/client"' has no exported member 'Condition'.
types/index.ts(1,57): error TS2305: Module '"@prisma/client"' has no exported member 'BookingStatus'.
